---
date: 2016-04-11 21:39:12+00:00;
layout: post
title: mysql基准测试
thread: 21
categories: 高性能mysql
tags: 博客
---

mysql> set @input = 'hello world';
Query OK, 0 rows affected (0.00 sec)

	mysql> select benchmark(100000, MD5(@input))
	+--------------------------------+
	| benchmark(100000, MD5(@input)) |
	+--------------------------------+
	|                              0 |
	+--------------------------------+
	1 row in set (0.04 sec)

	mysql> select benchmark(1000000, MD5(@input));
	+---------------------------------+
	| benchmark(1000000, MD5(@input)) |
	+---------------------------------+
	|                               0 |
	+---------------------------------+
	1 row in set (0.37 sec)

	mysql> select benchmark(1000000, SHAL(@input));
	ERROR 1305 (42000): FUNCTION SHAL does not exist
	mysql> select benchmark(1000000, SHA1(@input));
	+----------------------------------+
	| benchmark(1000000, SHA1(@input)) |
	+----------------------------------+
	|                                0 |
	+----------------------------------+
	1 row in set (0.89 sec)

mysql> create table char_tset(char_col char(10));
Query OK, 0 rows affected (0.19 sec)
insert into char_tset(char_col) values ('string1'), ('string2'),('string3  ');
mysql> select concat("'",char_col,"'") from char_tset;

	+--------------------------+
	| concat("'",char_col,"'") |
	+--------------------------+
	| 'string1'                |
	| 'string2'                |
	| 'string3'                |
	| 'string1'                |
	| 'string2'                |
	| 'string3'                |
	+--------------------------+
	6 rows in set (0.00 sec)

mysql> create table varchar_test(char_col varchar(10));
Query OK, 0 rows affected (0.10 sec)
mysql> insert into varchar_test(char_col) values ('string1'), ('string2'),('string3  ');
Query OK, 3 rows affected (0.06 sec)
Records: 3  Duplicates: 0  Warnings: 0
mysql> select concat("'",char_col,"'") from varchar_test;

+--------------------------+
| concat("'",char_col,"'") |
+--------------------------+
| 'string1'                |
| 'string2'                |
| 'string3  '              |
+--------------------------+
3 rows in set (0.00 sec)

这段sql说明char和varchar的区别，和占用的存储空间

-END


